manifest should match snapshot:
  1: |
    apiVersion: route.openshift.io/v1
    kind: Route
    metadata:
      labels:
        app: RELEASE-NAME-jenkins
        app.kubernetes.io/managed-by: Helm
        helm.sh/chart: jenkins-0.7.0
        name: RELEASE-NAME-jenkins
        release-name: RELEASE-NAME
      name: RELEASE-NAME-jenkins
    spec:
      host: RELEASE-NAME-jenkins-NAMESPACE.dummy.domain
      tls:
        insecureEdgeTerminationPolicy: Redirect
        termination: edge
      to:
        kind: Service
        name: RELEASE-NAME-jenkins
should include specified route annotations:
  1: |
    key1: value1
    key2: value2
