manifest should match snapshot:
  1: |
    apiVersion: v1
    kind: ServiceAccount
    metadata:
      annotations:
        serviceaccounts.openshift.io/oauth-redirectreference.jenkins: '{"kind":"OAuthRedirectReference","apiVersion":"v1","reference":{"kind":"Route","name":"RELEASE-NAME-jenkins"}}'
      labels:
        app: RELEASE-NAME-jenkins
        app.kubernetes.io/managed-by: Helm
        helm.sh/chart: jenkins-0.7.0
        name: RELEASE-NAME-jenkins
        release-name: RELEASE-NAME
      name: RELEASE-NAME-jenkins
  2: |
    apiVersion: rbac.authorization.k8s.io/v1
    kind: RoleBinding
    metadata:
      name: RELEASE-NAME-jenkins_edit
    roleRef:
      apiGroup: rbac.authorization.k8s.io
      kind: ClusterRole
      name: edit
    subjects:
    - kind: ServiceAccount
      name: RELEASE-NAME-jenkins
      namespace: NAMESPACE
