should ignore credential id when manage hooks disabled:
  1: |
    |-
      unclassified:
        # Configure System > Bitbucket Endpoints
        bitbucketEndpointConfiguration:
          endpoints:
            - bitbucketServerEndpoint:
                displayName: "ANZ_Bitbucket"
                serverUrl: "https://bitbucket.nz.service.anz"
                manageHooks: false
should include bitbucket config in default config scripts when configured:
  1: |
    |-
      unclassified:
        # Configure System > Bitbucket Endpoints
        bitbucketEndpointConfiguration:
          endpoints:
            - bitbucketServerEndpoint:
                displayName: "ANZ_Bitbucket"
                serverUrl: "https://bitbucket.nz.service.anz"
                manageHooks: true
                credentialsId: "anz-bitbucket-cred"
should include blank bitbucket config in default config scripts when not configured:
  1: |
    |-
      unclassified:
        # Configure System > Bitbucket Endpoints
        bitbucketEndpointConfiguration:
          endpoints: []
