should include blank cloud in default config script when not configured:
  1: |
    |-
      unclassified:
        # Configure System > OpenShift Client Plugin
        openShift:
          clusterConfigs: []
should include openshift cluster in default config script when configured:
  1: |
    |-
      unclassified:
        # Configure System > OpenShift Client Plugin
        openShift:
          clusterConfigs:
            - name: cs1-dev
              serverUrl: "https://api.cs1-dev.nz.service.test:6443"
              defaultProject: "NAMESPACE"
              skipTlsVerify: true
            - name: cs2-dev
              serverUrl: "https://api.cs2-dev.nz.service.test:6443"
              defaultProject: "NAMESPACE"
              skipTlsVerify: false
